------------------------------------------------------------
Timing Analyzer Summary
------------------------------------------------------------

Type  : Slow 1100mV 100C Model Setup 'my_pll|pll_inst|altera_pll_i|general[0].gpll~PLL_OUTPUT_COUNTER|divclk'
Slack : -8.115
TNS   : -63.378

Type  : Slow 1100mV 100C Model Setup 'u0|pll_0|altera_pll_i|general[0].gpll~PLL_OUTPUT_COUNTER|divclk'
Slack : -6.944
TNS   : -140.699

Type  : Slow 1100mV 100C Model Setup 'FPGA_CLK2_50'
Slack : 14.615
TNS   : 0.000

Type  : Slow 1100mV 100C Model Setup 'FPGA_CLK1_50'
Slack : 15.892
TNS   : 0.000

Type  : Slow 1100mV 100C Model Hold 'u0|pll_0|altera_pll_i|general[0].gpll~PLL_OUTPUT_COUNTER|divclk'
Slack : 0.381
TNS   : 0.000

Type  : Slow 1100mV 100C Model Hold 'my_pll|pll_inst|altera_pll_i|general[0].gpll~PLL_OUTPUT_COUNTER|divclk'
Slack : 0.426
TNS   : 0.000

Type  : Slow 1100mV 100C Model Hold 'FPGA_CLK1_50'
Slack : 0.444
TNS   : 0.000

Type  : Slow 1100mV 100C Model Hold 'FPGA_CLK2_50'
Slack : 0.446
TNS   : 0.000

Type  : Slow 1100mV 100C Model Recovery 'u0|pll_0|altera_pll_i|general[0].gpll~PLL_OUTPUT_COUNTER|divclk'
Slack : 5.864
TNS   : 0.000

Type  : Slow 1100mV 100C Model Removal 'u0|pll_0|altera_pll_i|general[0].gpll~PLL_OUTPUT_COUNTER|divclk'
Slack : 0.870
TNS   : 0.000

Type  : Slow 1100mV 100C Model Minimum Pulse Width 'my_pll|pll_inst|altera_pll_i|general[0].gpll~FRACTIONAL_PLL|vcoph[0]'
Slack : 0.325
TNS   : 0.000

Type  : Slow 1100mV 100C Model Minimum Pulse Width 'u0|pll_0|altera_pll_i|general[0].gpll~FRACTIONAL_PLL|vcoph[0]'
Slack : 1.666
TNS   : 0.000

Type  : Slow 1100mV 100C Model Minimum Pulse Width 'u0|pll_0|altera_pll_i|general[0].gpll~PLL_OUTPUT_COUNTER|divclk'
Slack : 3.573
TNS   : 0.000

Type  : Slow 1100mV 100C Model Minimum Pulse Width 'FPGA_CLK2_50'
Slack : 8.735
TNS   : 0.000

Type  : Slow 1100mV 100C Model Minimum Pulse Width 'FPGA_CLK1_50'
Slack : 9.196
TNS   : 0.000

Type  : Slow 1100mV 100C Model Minimum Pulse Width 'my_pll|pll_inst|altera_pll_i|general[0].gpll~PLL_OUTPUT_COUNTER|divclk'
Slack : 19.126
TNS   : 0.000

Type  : Slow 1100mV -40C Model Setup 'my_pll|pll_inst|altera_pll_i|general[0].gpll~PLL_OUTPUT_COUNTER|divclk'
Slack : -8.023
TNS   : -63.394

Type  : Slow 1100mV -40C Model Setup 'u0|pll_0|altera_pll_i|general[0].gpll~PLL_OUTPUT_COUNTER|divclk'
Slack : -6.766
TNS   : -165.781

Type  : Slow 1100mV -40C Model Setup 'FPGA_CLK2_50'
Slack : 14.267
TNS   : 0.000

Type  : Slow 1100mV -40C Model Setup 'FPGA_CLK1_50'
Slack : 15.892
TNS   : 0.000

Type  : Slow 1100mV -40C Model Hold 'u0|pll_0|altera_pll_i|general[0].gpll~PLL_OUTPUT_COUNTER|divclk'
Slack : 0.315
TNS   : 0.000

Type  : Slow 1100mV -40C Model Hold 'my_pll|pll_inst|altera_pll_i|general[0].gpll~PLL_OUTPUT_COUNTER|divclk'
Slack : 0.437
TNS   : 0.000

Type  : Slow 1100mV -40C Model Hold 'FPGA_CLK1_50'
Slack : 0.462
TNS   : 0.000

Type  : Slow 1100mV -40C Model Hold 'FPGA_CLK2_50'
Slack : 0.462
TNS   : 0.000

Type  : Slow 1100mV -40C Model Recovery 'u0|pll_0|altera_pll_i|general[0].gpll~PLL_OUTPUT_COUNTER|divclk'
Slack : 6.116
TNS   : 0.000

Type  : Slow 1100mV -40C Model Removal 'u0|pll_0|altera_pll_i|general[0].gpll~PLL_OUTPUT_COUNTER|divclk'
Slack : 0.686
TNS   : 0.000

Type  : Slow 1100mV -40C Model Minimum Pulse Width 'my_pll|pll_inst|altera_pll_i|general[0].gpll~FRACTIONAL_PLL|vcoph[0]'
Slack : 0.325
TNS   : 0.000

Type  : Slow 1100mV -40C Model Minimum Pulse Width 'u0|pll_0|altera_pll_i|general[0].gpll~FRACTIONAL_PLL|vcoph[0]'
Slack : 1.666
TNS   : 0.000

Type  : Slow 1100mV -40C Model Minimum Pulse Width 'u0|pll_0|altera_pll_i|general[0].gpll~PLL_OUTPUT_COUNTER|divclk'
Slack : 3.547
TNS   : 0.000

Type  : Slow 1100mV -40C Model Minimum Pulse Width 'FPGA_CLK2_50'
Slack : 8.715
TNS   : 0.000

Type  : Slow 1100mV -40C Model Minimum Pulse Width 'FPGA_CLK1_50'
Slack : 9.303
TNS   : 0.000

Type  : Slow 1100mV -40C Model Minimum Pulse Width 'my_pll|pll_inst|altera_pll_i|general[0].gpll~PLL_OUTPUT_COUNTER|divclk'
Slack : 19.041
TNS   : 0.000

Type  : Fast 1100mV 100C Model Setup 'my_pll|pll_inst|altera_pll_i|general[0].gpll~PLL_OUTPUT_COUNTER|divclk'
Slack : -4.584
TNS   : -35.336

Type  : Fast 1100mV 100C Model Setup 'u0|pll_0|altera_pll_i|general[0].gpll~PLL_OUTPUT_COUNTER|divclk'
Slack : -3.782
TNS   : -73.552

Type  : Fast 1100mV 100C Model Setup 'FPGA_CLK2_50'
Slack : 16.806
TNS   : 0.000

Type  : Fast 1100mV 100C Model Setup 'FPGA_CLK1_50'
Slack : 17.845
TNS   : 0.000

Type  : Fast 1100mV 100C Model Hold 'u0|pll_0|altera_pll_i|general[0].gpll~PLL_OUTPUT_COUNTER|divclk'
Slack : 0.147
TNS   : 0.000

Type  : Fast 1100mV 100C Model Hold 'FPGA_CLK1_50'
Slack : 0.185
TNS   : 0.000

Type  : Fast 1100mV 100C Model Hold 'my_pll|pll_inst|altera_pll_i|general[0].gpll~PLL_OUTPUT_COUNTER|divclk'
Slack : 0.185
TNS   : 0.000

Type  : Fast 1100mV 100C Model Hold 'FPGA_CLK2_50'
Slack : 0.210
TNS   : 0.000

Type  : Fast 1100mV 100C Model Recovery 'u0|pll_0|altera_pll_i|general[0].gpll~PLL_OUTPUT_COUNTER|divclk'
Slack : 7.466
TNS   : 0.000

Type  : Fast 1100mV 100C Model Removal 'u0|pll_0|altera_pll_i|general[0].gpll~PLL_OUTPUT_COUNTER|divclk'
Slack : 0.579
TNS   : 0.000

Type  : Fast 1100mV 100C Model Minimum Pulse Width 'my_pll|pll_inst|altera_pll_i|general[0].gpll~FRACTIONAL_PLL|vcoph[0]'
Slack : 0.325
TNS   : 0.000

Type  : Fast 1100mV 100C Model Minimum Pulse Width 'u0|pll_0|altera_pll_i|general[0].gpll~FRACTIONAL_PLL|vcoph[0]'
Slack : 1.666
TNS   : 0.000

Type  : Fast 1100mV 100C Model Minimum Pulse Width 'u0|pll_0|altera_pll_i|general[0].gpll~PLL_OUTPUT_COUNTER|divclk'
Slack : 3.881
TNS   : 0.000

Type  : Fast 1100mV 100C Model Minimum Pulse Width 'FPGA_CLK2_50'
Slack : 8.688
TNS   : 0.000

Type  : Fast 1100mV 100C Model Minimum Pulse Width 'FPGA_CLK1_50'
Slack : 9.113
TNS   : 0.000

Type  : Fast 1100mV 100C Model Minimum Pulse Width 'my_pll|pll_inst|altera_pll_i|general[0].gpll~PLL_OUTPUT_COUNTER|divclk'
Slack : 19.415
TNS   : 0.000

Type  : Fast 1100mV -40C Model Setup 'my_pll|pll_inst|altera_pll_i|general[0].gpll~PLL_OUTPUT_COUNTER|divclk'
Slack : -4.139
TNS   : -31.920

Type  : Fast 1100mV -40C Model Setup 'u0|pll_0|altera_pll_i|general[0].gpll~PLL_OUTPUT_COUNTER|divclk'
Slack : -3.276
TNS   : -63.162

Type  : Fast 1100mV -40C Model Setup 'FPGA_CLK2_50'
Slack : 17.081
TNS   : 0.000

Type  : Fast 1100mV -40C Model Setup 'FPGA_CLK1_50'
Slack : 18.154
TNS   : 0.000

Type  : Fast 1100mV -40C Model Hold 'u0|pll_0|altera_pll_i|general[0].gpll~PLL_OUTPUT_COUNTER|divclk'
Slack : 0.081
TNS   : 0.000

Type  : Fast 1100mV -40C Model Hold 'my_pll|pll_inst|altera_pll_i|general[0].gpll~PLL_OUTPUT_COUNTER|divclk'
Slack : 0.172
TNS   : 0.000

Type  : Fast 1100mV -40C Model Hold 'FPGA_CLK1_50'
Slack : 0.173
TNS   : 0.000

Type  : Fast 1100mV -40C Model Hold 'FPGA_CLK2_50'
Slack : 0.189
TNS   : 0.000

Type  : Fast 1100mV -40C Model Recovery 'u0|pll_0|altera_pll_i|general[0].gpll~PLL_OUTPUT_COUNTER|divclk'
Slack : 7.935
TNS   : 0.000

Type  : Fast 1100mV -40C Model Removal 'u0|pll_0|altera_pll_i|general[0].gpll~PLL_OUTPUT_COUNTER|divclk'
Slack : 0.409
TNS   : 0.000

Type  : Fast 1100mV -40C Model Minimum Pulse Width 'my_pll|pll_inst|altera_pll_i|general[0].gpll~FRACTIONAL_PLL|vcoph[0]'
Slack : 0.325
TNS   : 0.000

Type  : Fast 1100mV -40C Model Minimum Pulse Width 'u0|pll_0|altera_pll_i|general[0].gpll~FRACTIONAL_PLL|vcoph[0]'
Slack : 1.666
TNS   : 0.000

Type  : Fast 1100mV -40C Model Minimum Pulse Width 'u0|pll_0|altera_pll_i|general[0].gpll~PLL_OUTPUT_COUNTER|divclk'
Slack : 3.889
TNS   : 0.000

Type  : Fast 1100mV -40C Model Minimum Pulse Width 'FPGA_CLK2_50'
Slack : 8.648
TNS   : 0.000

Type  : Fast 1100mV -40C Model Minimum Pulse Width 'FPGA_CLK1_50'
Slack : 9.051
TNS   : 0.000

Type  : Fast 1100mV -40C Model Minimum Pulse Width 'my_pll|pll_inst|altera_pll_i|general[0].gpll~PLL_OUTPUT_COUNTER|divclk'
Slack : 19.405
TNS   : 0.000

------------------------------------------------------------
